// Jest Snapshot v1, https://goo.gl/fbAQLP

exports[`MovieListItem component renders a MovieListItem by default 1`] = `
<figure>
  <img
    alt="Alien"
    className="figure-image"
    src="https://image.tmdb.org/t/p/w300vfrQk5IPloGg1v9Rzbh2Eg3VGyM.jpg"
  />
  <figcaption>
    <Link
      to="/movies/348"
    >
      Alien
    </Link>
    <br />
    May 25, 1979
    <div
      className="overlay"
    >
      <p
        className="overlay-text"
      >
        <FontAwesomeIcon
          icon={
            Array [
              "fas",
              "star",
            ]
          }
          size="1x"
        />
         
        81
        %
         
        <span
          className="votes"
        >
          5694
           votes
        </span>
      </p>
    </div>
  </figcaption>
</figure>
`;

exports[`MovieListItem component renders the MovieListItem given props 1`] = `
<figure>
  <img
    alt="Alien"
    className="figure-image"
    src="https://image.tmdb.org/t/p/w300vfrQk5IPloGg1v9Rzbh2Eg3VGyM.jpg"
  />
  <figcaption>
    <Link
      to="/movies/348"
    >
      Alien
    </Link>
    <br />
    May 25, 1979
    <div
      className="overlay"
    >
      <p
        className="overlay-text"
      >
        <FontAwesomeIcon
          icon={
            Array [
              "fas",
              "star",
            ]
          }
          size="1x"
        />
         
        81
        %
         
        <span
          className="votes"
        >
          5694
           votes
        </span>
      </p>
    </div>
  </figcaption>
</figure>
`;
