// Jest Snapshot v1, https://goo.gl/fbAQLP

exports[`Nav component renders a Nav by default 1`] = `
<Fragment>
  <nav>
    <span
      className="nav-toggle"
      id="js-nav-toggle"
      onClick={[Function]}
    >
      ☰
    </span>
    <h1
      className="logo"
    >
      <a
        href="/"
      >
        FlickLog
      </a>
    </h1>
    <a
      className="clear-link"
      href="http://www.themoviedb.org"
      rel="noopener noreferrer"
      target="_blank"
    >
      <img
        alt="themoviedb.org"
        src="logo.svg"
        width="25%"
      />
    </a>
    <ul
      className="nav-menu"
      id="js-nav-menu"
    >
      <li>
        <Link
          to="/login"
        >
          Log in
        </Link>
      </li>
      <li>
        <Link
          to="/register"
        >
          Register
        </Link>
      </li>
    </ul>
  </nav>
</Fragment>
`;
